../Core/Src/main.c:100:5:_write	1
../Core/Src/main.c:107:6:Set_Manual_Foil_Pct	4
../Core/Src/main.c:123:6:Calculate_Master_PI_Controller	8
../Core/Src/main.c:170:6:BH1750_Init	1
../Core/Src/main.c:178:6:BH1750_Read_NonBlocking	4
../Core/Src/main.c:224:6:Update_LED_Brightness	5
../Core/Src/main.c:240:6:Update_Angle_From_LUT	9
../Core/Src/main.c:286:5:main	3
../Core/Src/main.c:336:6:SystemClock_Config	3
../Core/Src/main.c:377:13:MX_I2C1_Init	4
../Core/Src/main.c:413:13:MX_TIM2_Init	6
../Core/Src/main.c:460:13:MX_TIM3_Init	4
../Core/Src/main.c:493:13:MX_USART2_UART_Init	5
../Core/Src/main.c:529:13:MX_GPIO_Init	1
../Core/Src/main.c:562:6:HAL_GPIO_EXTI_Rising_Callback	2
../Core/Src/main.c:576:6:HAL_TIM_PeriodElapsedCallback	3
../Core/Src/main.c:593:6:HAL_TIM_OC_DelayElapsedCallback	8
../Core/Src/main.c:616:6:HAL_UART_ErrorCallback	2
../Core/Src/main.c:628:6:HAL_UART_RxCpltCallback	19
../Core/Src/main.c:695:6:Error_Handler	1
