../Core/Src/main.c:86:5:_write	24	static
../Core/Src/main.c:98:5:main	56	static
../Core/Src/main.c:167:6:SystemClock_Config	88	static
../Core/Src/main.c:208:13:MX_I2C1_Init	8	static
../Core/Src/main.c:244:13:MX_TIM2_Init	64	static
../Core/Src/main.c:291:13:MX_TIM3_Init	40	static
../Core/Src/main.c:324:13:MX_USART2_UART_Init	8	static
../Core/Src/main.c:360:13:MX_GPIO_Init	56	static
../Core/Src/main.c:393:6:HAL_GPIO_EXTI_Rising_Callback	16	static
../Core/Src/main.c:407:6:HAL_TIM_PeriodElapsedCallback	16	static
../Core/Src/main.c:424:6:HAL_TIM_OC_DelayElapsedCallback	32	static
../Core/Src/main.c:447:6:HAL_UART_ErrorCallback	16	static
../Core/Src/main.c:460:6:HAL_UART_RxCpltCallback	40	static
../Core/Src/main.c:540:6:Error_Handler	8	static,ignoring_inline_asm
