../Core/Src/main.c:93:5:_write	1
../Core/Src/main.c:101:6:Calculate_Master_PI_Controller	7
../Core/Src/main.c:145:6:BH1750_Init	1
../Core/Src/main.c:153:6:BH1750_Read_NonBlocking	4
../Core/Src/main.c:191:6:Update_LED_Brightness	5
../Core/Src/main.c:207:6:Update_Angle_From_LUT	9
../Core/Src/main.c:252:5:main	3
../Core/Src/main.c:302:6:SystemClock_Config	3
../Core/Src/main.c:343:13:MX_I2C1_Init	4
../Core/Src/main.c:379:13:MX_TIM2_Init	6
../Core/Src/main.c:426:13:MX_TIM3_Init	4
../Core/Src/main.c:459:13:MX_USART2_UART_Init	5
../Core/Src/main.c:495:13:MX_GPIO_Init	1
../Core/Src/main.c:528:6:HAL_GPIO_EXTI_Rising_Callback	2
../Core/Src/main.c:538:6:HAL_TIM_PeriodElapsedCallback	3
../Core/Src/main.c:555:6:HAL_TIM_OC_DelayElapsedCallback	8
../Core/Src/main.c:576:6:HAL_UART_RxCpltCallback	9
../Core/Src/main.c:619:6:Error_Handler	1
