../Core/Src/main.c:100:5:_write	24	static
../Core/Src/main.c:107:6:Set_Manual_Foil_Pct	32	static
../Core/Src/main.c:123:6:Calculate_Master_PI_Controller	40	static
../Core/Src/main.c:171:6:BH1750_Init	24	static
../Core/Src/main.c:179:6:BH1750_Read_NonBlocking	72	static
../Core/Src/main.c:225:6:Update_LED_Brightness	16	static
../Core/Src/main.c:236:6:Update_Angle_From_LUT	48	static
../Core/Src/main.c:282:5:main	8	static
../Core/Src/main.c:332:6:SystemClock_Config	88	static
../Core/Src/main.c:373:13:MX_I2C1_Init	8	static
../Core/Src/main.c:409:13:MX_TIM2_Init	64	static
../Core/Src/main.c:456:13:MX_TIM3_Init	40	static
../Core/Src/main.c:489:13:MX_USART2_UART_Init	8	static
../Core/Src/main.c:525:13:MX_GPIO_Init	56	static
../Core/Src/main.c:558:6:HAL_GPIO_EXTI_Rising_Callback	16	static
../Core/Src/main.c:572:6:HAL_TIM_PeriodElapsedCallback	16	static
../Core/Src/main.c:589:6:HAL_TIM_OC_DelayElapsedCallback	32	static
../Core/Src/main.c:612:6:HAL_UART_ErrorCallback	16	static
../Core/Src/main.c:624:6:HAL_UART_RxCpltCallback	40	static
../Core/Src/main.c:704:6:Error_Handler	8	static,ignoring_inline_asm
